SPH Phase 4 - Combined SIMD+OpenMP Session Log
===============================================
Timestamp: 2026-04-09 20:47:11

Config:
  particles   = 2660
  threads     = 8
  h           = 16
  restDensity = 1
  gasConstant = 2000
  viscosity   = 250
  gravity     = 980
  dt          = 0.003

Run:
  total_frames     = 1000
  avg_fps          = 57.83
  avg_density_ms   = 0.722
  avg_force_ms     = 2.464
  avg_total_phys   = 3.185

Final particle bounds:
  x_min = 10.000, x_max = 790.000
  y_min = 581.025, y_max = 590.000
